
Error compiling Cython file:
------------------------------------------------------------
...

^
------------------------------------------------------------
src\brain_v2\engine\awakening.py:1:0: 'src/brain_v2/engine.awakening' is not a valid module name
Compiling with flags: ['/O2']
Adding extension: src/brain_v2/engine.agentic_search
Adding extension: src/brain_v2/engine.awakening
Adding extension: src/brain_v2/engine.runtime
Adding extension: src/brain_v2/format.schema
Adding extension: src/brain_v2/format.serializer
Adding extension: src/brain_v2/model.architecture
Adding extension: src/brain_v2/model.attention
Adding extension: src/brain_v2/model.ternary
Adding extension: src/brain_v2/network.collective
Adding extension: src/brain_v2/network.twin
Adding extension: src/brain_v2/network.twin_socket
Adding extension: src/brain_v2/network.verify_twin
Adding extension: src/brain_v2/organism.dreaming
Adding extension: src/brain_v2/organism.metabolism
Adding extension: src/brain_v2/protection.crypto
Adding extension: src/brain_v2/protection.hardware
Adding extension: src/brain_v2/protection.immune
Adding extension: src/brain_v2/protection.soul_crypto
Adding extension: src/brain_v2/soul.bridge
Adding extension: src/brain_v2/soul.narrative
Adding extension: src/brain_v2/soul.socratic
Adding extension: src/brain_v2/soul.verify_socratic
Compiling src/brain_v2/engine\awakening.py because it changed.
Compiling src/brain_v2/engine\runtime.py because it changed.
Compiling src/brain_v2/format\schema.py because it changed.
Compiling src/brain_v2/format\serializer.py because it changed.
Compiling src/brain_v2/model\architecture.py because it changed.
Compiling src/brain_v2/model\attention.py because it changed.
Compiling src/brain_v2/model\ternary.py because it changed.
Compiling src/brain_v2/network\collective.py because it changed.
Compiling src/brain_v2/network\twin.py because it changed.
Compiling src/brain_v2/network\twin_socket.py because it changed.
Compiling src/brain_v2/network\verify_twin.py because it changed.
Compiling src/brain_v2/organism\dreaming.py because it changed.
Compiling src/brain_v2/organism\metabolism.py because it changed.
Compiling src/brain_v2/protection\crypto.py because it changed.
Compiling src/brain_v2/protection\hardware.py because it changed.
Compiling src/brain_v2/protection\immune.py because it changed.
Compiling src/brain_v2/soul\bridge.py because it changed.
Compiling src/brain_v2/soul\narrative.py because it changed.
Compiling src/brain_v2/soul\socratic.py because it changed.
Compiling src/brain_v2/soul\verify_socratic.py because it changed.
[ 1/20] Cythonizing src/brain_v2/engine\awakening.py
Traceback (most recent call last):
  File "D:\Kampus\coba-coba\jaya-research\setup_compile.py", line 54, in <module>
    ext_modules=cythonize(
  File "C:\laragon\bin\python\python-3.10\lib\site-packages\Cython\Build\Dependencies.py", line 1153, in cythonize
    cythonize_one(*args)
  File "C:\laragon\bin\python\python-3.10\lib\site-packages\Cython\Build\Dependencies.py", line 1297, in cythonize_one
    raise CompileError(None, pyx_file)
Cython.Compiler.Errors.CompileError: src/brain_v2/engine\awakening.py
